=== full-40 myalgorithm_jv9 @750s start 2026-07-20T21:32:51.3622707+09:00 ===
prob_ 1:          1,499  (731.4s)  obj1=0.0 obj2=157 obj3=2.0
------------------------------------------------------------
TOTAL (feasible only) = 1,499   feasible 1/1
prob_ 2:          5,840  ( 98.6s)  obj1=0.0 obj2=194 obj3=26.0
------------------------------------------------------------
TOTAL (feasible only) = 5,840   feasible 1/1
prob_ 3:         56,390  (142.7s)  obj1=0.0 obj2=1784 obj3=257.0
------------------------------------------------------------
TOTAL (feasible only) = 56,390   feasible 1/1
prob_ 4:         16,916  (118.3s)  obj1=0.0 obj2=2188 obj3=8.0
------------------------------------------------------------
TOTAL (feasible only) = 16,916   feasible 1/1
prob_ 5:         77,765  ( 62.9s)  obj1=0.0 obj2=4745 obj3=297.0
------------------------------------------------------------
TOTAL (feasible only) = 77,765   feasible 1/1
prob_ 6:         73,897  (748.4s)  obj1=0.0 obj2=1921 obj3=403.0
------------------------------------------------------------
TOTAL (feasible only) = 73,897   feasible 1/1
prob_ 7:         73,507  (264.7s)  obj1=0.0 obj2=2401 obj3=378.0
------------------------------------------------------------
TOTAL (feasible only) = 73,507   feasible 1/1
prob_ 8:         11,252  (178.2s)  obj1=0.0 obj2=2413 obj3=8.0
------------------------------------------------------------
TOTAL (feasible only) = 11,252   feasible 1/1
prob_ 9:         58,395  (404.4s)  obj1=0.0 obj2=1929 obj3=325.0
------------------------------------------------------------
TOTAL (feasible only) = 58,395   feasible 1/1
prob_10:         80,479  (165.2s)  obj1=0.0 obj2=2073 obj3=496.0
------------------------------------------------------------
TOTAL (feasible only) = 80,479   feasible 1/1
prob_11:         27,321  (748.7s)  obj1=0.0 obj2=388 obj3=185.0
------------------------------------------------------------
TOTAL (feasible only) = 27,321   feasible 1/1
prob_12:         89,831  (444.2s)  obj1=0.0 obj2=2421 obj3=548.0
------------------------------------------------------------
TOTAL (feasible only) = 89,831   feasible 1/1
prob_13:         78,990  (749.1s)  obj1=0.0 obj2=2232 obj3=510.0
------------------------------------------------------------
TOTAL (feasible only) = 78,990   feasible 1/1
prob_14:         89,064  (748.9s)  obj1=0.0 obj2=1906 obj3=598.0
------------------------------------------------------------
TOTAL (feasible only) = 89,064   feasible 1/1
prob_15:         44,516  (256.4s)  obj1=0.0 obj2=4461 obj3=167.0
------------------------------------------------------------
TOTAL (feasible only) = 44,516   feasible 1/1
prob_16:         36,773  (169.1s)  obj1=0.0 obj2=3471 obj3=146.0
------------------------------------------------------------
TOTAL (feasible only) = 36,773   feasible 1/1
prob_17:         70,547  (162.1s)  obj1=0.0 obj2=7296 obj3=311.0
------------------------------------------------------------
TOTAL (feasible only) = 70,547   feasible 1/1
prob_18:         47,857  (749.1s)  obj1=0.0 obj2=3286 obj3=261.0
------------------------------------------------------------
TOTAL (feasible only) = 47,857   feasible 1/1
prob_19:         66,311  (256.5s)  obj1=0.0 obj2=4242 obj3=371.0
------------------------------------------------------------
TOTAL (feasible only) = 66,311   feasible 1/1
prob_20:        178,774  (750.1s)  obj1=0.0 obj2=4004 obj3=1238.0
------------------------------------------------------------
TOTAL (feasible only) = 178,774   feasible 1/1
prob_21:      1,371,049  (748.6s)  obj1=73.0 obj2=1119 obj3=2577.0
------------------------------------------------------------
TOTAL (feasible only) = 1,371,049   feasible 1/1
prob_22:        873,789  (748.7s)  obj1=0.0 obj2=2463 obj3=2166.0
------------------------------------------------------------
TOTAL (feasible only) = 873,789   feasible 1/1
prob_23:      2,494,797  (691.3s)  obj1=157.0 obj2=862 obj3=1800.0
------------------------------------------------------------
TOTAL (feasible only) = 2,494,797   feasible 1/1
prob_24:        578,751  (748.4s)  obj1=7.0 obj2=1984 obj3=1585.0
------------------------------------------------------------
TOTAL (feasible only) = 578,751   feasible 1/1
prob_25:        308,502  (688.6s)  obj1=388.0 obj2=2226 obj3=2374.0
------------------------------------------------------------
TOTAL (feasible only) = 308,502   feasible 1/1
prob_26:      7,908,663  (705.7s)  obj1=534.0 obj2=2463 obj3=5144.0
------------------------------------------------------------
TOTAL (feasible only) = 7,908,663   feasible 1/1
prob_27:     24,074,569  (689.3s)  obj1=1669.0 obj2=96 obj3=4554.0
------------------------------------------------------------
TOTAL (feasible only) = 24,074,569   feasible 1/1
prob_28:      3,501,009  (748.8s)  obj1=195.0 obj2=858 obj3=2995.0
------------------------------------------------------------
TOTAL (feasible only) = 3,501,009   feasible 1/1
prob_29:        541,461  (749.1s)  obj1=0.0 obj2=3887 obj3=1766.0
------------------------------------------------------------
TOTAL (feasible only) = 541,461   feasible 1/1
prob_30:      3,138,862  (694.2s)  obj1=194.0 obj2=4965 obj3=2662.0
------------------------------------------------------------
TOTAL (feasible only) = 3,138,862   feasible 1/1
prob_31:      8,290,616  (701.1s)  obj1=401.0 obj2=2984 obj3=10993.0
------------------------------------------------------------
TOTAL (feasible only) = 8,290,616   feasible 1/1
prob_32:      4,006,019  (697.8s)  obj1=623.0 obj2=1192 obj3=3206.0
------------------------------------------------------------
TOTAL (feasible only) = 4,006,019   feasible 1/1
prob_33:      7,858,136  (697.4s)  obj1=1048.0 obj2=667 obj3=5763.0
------------------------------------------------------------
TOTAL (feasible only) = 7,858,136   feasible 1/1
prob_34:      1,914,652  (749.3s)  obj1=172.0 obj2=2867 obj3=2479.0
------------------------------------------------------------
TOTAL (feasible only) = 1,914,652   feasible 1/1
prob_35:      1,345,948  (749.0s)  obj1=76.0 obj2=2178 obj3=2145.0
------------------------------------------------------------
TOTAL (feasible only) = 1,345,948   feasible 1/1
prob_36:        164,952  (748.8s)  obj1=68.0 obj2=5833 obj3=8751.0
------------------------------------------------------------
TOTAL (feasible only) = 164,952   feasible 1/1
prob_37:      5,762,967  (702.7s)  obj1=935.0 obj2=2853 obj3=4392.0
------------------------------------------------------------
TOTAL (feasible only) = 5,762,967   feasible 1/1
prob_38:     36,756,532  (702.2s)  obj1=2598.0 obj2=2399 obj3=7042.0
------------------------------------------------------------
TOTAL (feasible only) = 36,756,532   feasible 1/1
prob_39:      8,406,071  (702.0s)  obj1=553.0 obj2=2743 obj3=6813.0
------------------------------------------------------------
TOTAL (feasible only) = 8,406,071   feasible 1/1
prob_40:      2,245,665  (704.8s)  obj1=3156.0 obj2=4347 obj3=10482.0
------------------------------------------------------------
TOTAL (feasible only) = 2,245,665   feasible 1/1
=== full-40 done 2026-07-21T03:46:32.1243035+09:00 ===
jv9,1499,5840,56390,16916,77765,73897,73507,11252,58395,80479,27321,89831,78990,89064,44516,36773,70547,47857,66311,178774,1371049,873789,2494797,578751,308502,7908663,24074569,3501009,541461,3138862,8290616,4006019,7858136,1914652,1345948,164952,5762967,36756532,8406071,2245665,122728934
feasible 40/40  TOTAL = 122,728,934
