=== full-40 myalgorithm_jv17 @750s start 2026-07-23T07:03:24.3410066+09:00 ===
prob_ 1:          1,499  (704.0s)  obj1=0.0 obj2=157 obj3=2.0
------------------------------------------------------------
TOTAL (feasible only) = 1,499   feasible 1/1
prob_ 2:          5,840  ( 53.5s)  obj1=0.0 obj2=194 obj3=26.0
------------------------------------------------------------
TOTAL (feasible only) = 5,840   feasible 1/1
prob_ 3:         54,420  ( 59.4s)  obj1=0.0 obj2=1242 obj3=280.0
------------------------------------------------------------
TOTAL (feasible only) = 54,420   feasible 1/1
prob_ 4:         16,916  ( 85.1s)  obj1=0.0 obj2=2188 obj3=8.0
------------------------------------------------------------
TOTAL (feasible only) = 16,916   feasible 1/1
prob_ 5:         63,066  ( 53.0s)  obj1=0.0 obj2=2988 obj3=281.0
------------------------------------------------------------
TOTAL (feasible only) = 63,066   feasible 1/1
prob_ 6:         60,814  (748.1s)  obj1=0.0 obj2=3802 obj3=228.0
------------------------------------------------------------
TOTAL (feasible only) = 60,814   feasible 1/1
prob_ 7:         67,476  (137.4s)  obj1=0.0 obj2=2268 obj3=344.0
------------------------------------------------------------
TOTAL (feasible only) = 67,476   feasible 1/1
prob_ 8:         11,252  ( 81.5s)  obj1=0.0 obj2=2413 obj3=8.0
------------------------------------------------------------
TOTAL (feasible only) = 11,252   feasible 1/1
prob_ 9:         53,615  (170.2s)  obj1=0.0 obj2=1993 obj3=291.0
------------------------------------------------------------
TOTAL (feasible only) = 53,615   feasible 1/1
prob_10:         78,463  ( 77.3s)  obj1=0.0 obj2=2716 obj3=447.0
------------------------------------------------------------
TOTAL (feasible only) = 78,463   feasible 1/1
prob_11:         30,191  (717.1s)  obj1=0.0 obj2=228 obj3=215.0
------------------------------------------------------------
TOTAL (feasible only) = 30,191   feasible 1/1
prob_12:         93,149  (140.3s)  obj1=0.0 obj2=2382 obj3=575.0
------------------------------------------------------------
TOTAL (feasible only) = 93,149   feasible 1/1
prob_13:         63,264  (540.7s)  obj1=0.0 obj2=3263 obj3=353.0
------------------------------------------------------------
TOTAL (feasible only) = 63,264   feasible 1/1
prob_14:         79,099  (748.6s)  obj1=0.0 obj2=1376 obj3=543.0
------------------------------------------------------------
TOTAL (feasible only) = 79,099   feasible 1/1
prob_15:         46,071  (117.8s)  obj1=0.0 obj2=4373 obj3=182.0
------------------------------------------------------------
TOTAL (feasible only) = 46,071   feasible 1/1
prob_16:         40,463  (106.4s)  obj1=0.0 obj2=3544 obj3=171.0
------------------------------------------------------------
TOTAL (feasible only) = 40,463   feasible 1/1
prob_17:         67,134  ( 86.5s)  obj1=0.0 obj2=6875 obj3=298.0
------------------------------------------------------------
TOTAL (feasible only) = 67,134   feasible 1/1
prob_18:         39,747  (264.2s)  obj1=0.0 obj2=3586 obj3=191.0
------------------------------------------------------------
TOTAL (feasible only) = 39,747   feasible 1/1
prob_19:         62,967  (148.0s)  obj1=0.0 obj2=3938 obj3=355.0
------------------------------------------------------------
TOTAL (feasible only) = 62,967   feasible 1/1
prob_20:        147,219  (749.4s)  obj1=0.0 obj2=3099 obj3=1029.0
------------------------------------------------------------
TOTAL (feasible only) = 147,219   feasible 1/1
prob_21:      1,186,369  (748.3s)  obj1=63.0 obj2=559 obj3=2272.0
------------------------------------------------------------
TOTAL (feasible only) = 1,186,369   feasible 1/1
prob_22:        831,068  (748.3s)  obj1=0.0 obj2=2356 obj3=2060.0
------------------------------------------------------------
TOTAL (feasible only) = 831,068   feasible 1/1
prob_23:      2,690,277  (690.8s)  obj1=176.0 obj2=899 obj3=1488.0
------------------------------------------------------------
TOTAL (feasible only) = 2,690,277   feasible 1/1
prob_24:        568,040  (748.9s)  obj1=10.0 obj2=1682 obj3=1421.0
------------------------------------------------------------
TOTAL (feasible only) = 568,040   feasible 1/1
prob_25:        278,750  (689.2s)  obj1=352.0 obj2=1246 obj3=2136.0
------------------------------------------------------------
TOTAL (feasible only) = 278,750   feasible 1/1
prob_26:      7,966,630  (700.1s)  obj1=542.0 obj2=1442 obj3=4867.0
------------------------------------------------------------
TOTAL (feasible only) = 7,966,630   feasible 1/1
prob_27:     23,622,914  (689.2s)  obj1=1618.0 obj2=260 obj3=5124.0
------------------------------------------------------------
TOTAL (feasible only) = 23,622,914   feasible 1/1
prob_28:      2,556,860  (748.8s)  obj1=128.0 obj2=1112 obj3=2823.0
------------------------------------------------------------
TOTAL (feasible only) = 2,556,860   feasible 1/1
prob_29:        456,756  (748.6s)  obj1=0.0 obj2=4152 obj3=1481.0
------------------------------------------------------------
TOTAL (feasible only) = 456,756   feasible 1/1
prob_30:      3,207,942  (692.0s)  obj1=202.0 obj2=3169 obj3=2510.0
------------------------------------------------------------
TOTAL (feasible only) = 3,207,942   feasible 1/1
prob_31:      7,179,261  (713.6s)  obj1=333.0 obj2=3989 obj3=10215.0
------------------------------------------------------------
TOTAL (feasible only) = 7,179,261   feasible 1/1
prob_32:      3,685,508  (704.6s)  obj1=526.0 obj2=2110 obj3=3203.0
------------------------------------------------------------
TOTAL (feasible only) = 3,685,508   feasible 1/1
prob_33:      7,710,783  (701.3s)  obj1=1029.0 obj2=849 obj3=5613.0
------------------------------------------------------------
TOTAL (feasible only) = 7,710,783   feasible 1/1
prob_34:      1,738,113  (749.5s)  obj1=187.0 obj2=2485 obj3=2059.0
------------------------------------------------------------
TOTAL (feasible only) = 1,738,113   feasible 1/1
prob_35:  1,293,018,291  (2105.1s)  obj1=96977.0 obj2=4790 obj3=0.0
------------------------------------------------------------
TOTAL (feasible only) = 1,293,018,291   feasible 1/1
