=== merge-cap A/B jv6b cap24 vs cap40 {9 12 16 18} @750s 2026-07-18T16:12:14.3951650+09:00 ===
--- prob_9 cap24 ---
prob_ 9:         58,395  (388.6s)  obj1=0.0 obj2=1929 obj3=325.0
------------------------------------------------------------
TOTAL (feasible only) = 58,395   feasible 1/1
--- prob_9 cap40 ---
prob_ 9:         58,395  (334.6s)  obj1=0.0 obj2=1929 obj3=325.0
------------------------------------------------------------
TOTAL (feasible only) = 58,395   feasible 1/1
--- prob_12 cap24 ---
prob_12:         93,499  (435.9s)  obj1=0.0 obj2=2394 obj3=577.0
------------------------------------------------------------
TOTAL (feasible only) = 93,499   feasible 1/1
--- prob_12 cap40 ---
prob_12:         94,773  (257.7s)  obj1=0.0 obj2=2348 obj3=589.0
------------------------------------------------------------
TOTAL (feasible only) = 94,773   feasible 1/1
--- prob_16 cap24 ---
prob_16:         44,836  (110.3s)  obj1=0.0 obj2=3461 obj3=207.0
------------------------------------------------------------
TOTAL (feasible only) = 44,836   feasible 1/1
--- prob_16 cap40 ---
prob_16:         44,836  (116.4s)  obj1=0.0 obj2=3461 obj3=207.0
------------------------------------------------------------
TOTAL (feasible only) = 44,836   feasible 1/1
--- prob_18 cap24 ---
prob_18:         54,317  (439.6s)  obj1=0.0 obj2=3571 obj3=301.0
------------------------------------------------------------
TOTAL (feasible only) = 54,317   feasible 1/1
--- prob_18 cap40 ---
prob_18:         54,317  (442.5s)  obj1=0.0 obj2=3571 obj3=301.0
------------------------------------------------------------
TOTAL (feasible only) = 54,317   feasible 1/1
=== DONE 2026-07-18T16:54:40.0362230+09:00 ===
