
prob_39: w1=13333 w3=150
  cfg(k=0.5,a=0.5,nk=3): off=11,308,768(o1=766) cmp=10,481,935(o1=709) d=-826,833
  cfg(k=0.5,a=0.5,nk=32): off=11,628,553(o1=791) cmp=16,937,486(o1=1,162) d=+5,308,933
  cfg(k=1.0,a=0.0,nk=3): off=11,788,234(o1=800) cmp=10,541,095(o1=713) d=-1,247,139
  cfg(k=1.0,a=0.0,nk=32): off=12,260,231(o1=851) cmp=10,673,556(o1=698) d=-1,586,675
  => best nm_compete delta = -1,586,675  [SIGNAL]

prob_27: w1=13333 w3=400
  cfg(k=0.5,a=0.5,nk=3): off=27,269,765(o1=1,881) cmp=28,219,731(o1=1,971) d=+949,966
  cfg(k=0.5,a=0.5,nk=32): off=28,375,862(o1=1,966) cmp=44,168,323(o1=3,129) d=+15,792,461
  cfg(k=1.0,a=0.0,nk=3): off=28,480,667(o1=1,987) cmp=28,381,658(o1=1,986) d=-99,009
  cfg(k=1.0,a=0.0,nk=32): off=27,391,790(o1=1,906) cmp=424,713,298(o1=31,748) d=+397,321,508
  => best nm_compete delta = -99,009  [SIGNAL]

prob_31: w1=13333 w3=267
  cfg(k=0.5,a=0.5,nk=3): off=11,226,247(o1=619) cmp=9,575,466(o1=507) d=-1,650,781
  cfg(k=0.5,a=0.5,nk=32): off=10,301,276(o1=551) cmp=28,918,689(o1=1,974) d=+18,617,413
  cfg(k=1.0,a=0.0,nk=3): off=10,802,316(o1=600) cmp=9,628,074(o1=516) d=-1,174,242
  cfg(k=1.0,a=0.0,nk=32): off=11,380,559(o1=635) cmp=636,144,329(o1=47,591) d=+624,763,770
  => best nm_compete delta = -1,650,781  [SIGNAL]

============================================================
SUMMARY (nm_compete on vs off, best config, raw dispatch):
  prob_39: -1,586,675  [SIGNAL]
  prob_27: -99,009  [SIGNAL]
  prob_31: -1,650,781  [SIGNAL]

prob_27: w1=13333 w3=400 forced=True overload=1.19 steal37-gate=out
  cfg(k=0.5,a=0.5): s0 tot=30,308,237(o1=2,125 o3=4,938) | s2 tot=31,700,213(o1=2,227 o3=5,016) d=+1,391,976 | s4 tot=31,816,131(o1=2,233 o3=5,104) d=+1,507,894
  cfg(k=1.0,a=0.0): s0 tot=30,233,577(o1=2,135 o3=4,416) | s2 tot=31,038,077(o1=2,197 o3=4,362) d=+804,500 | s4 tot=30,140,159(o1=2,133 o3=4,242) d=-93,418
  => best steal delta = -93,418  [SIGNAL]

prob_38: w1=13333 w3=300 forced=True overload=1.14 steal37-gate=out
  cfg(k=0.5,a=0.5): s0 tot=46,930,604(o1=3,394 o3=5,590) | s2 tot=46,833,399(o1=3,379 o3=5,914) d=-97,205 | s4 tot=46,947,055(o1=3,391 o3=5,779) d=+16,451
  cfg(k=1.0,a=0.0): s0 tot=46,631,945(o1=3,363 o3=5,959) | s2 tot=46,031,309(o1=3,317 o3=5,998) d=-600,636 | s4 tot=45,719,188(o1=3,288 o3=6,242) d=-912,757
  => best steal delta = -912,757  [SIGNAL]

prob_39: w1=13333 w3=150 forced=True overload=0.87 steal37-gate=out
  cfg(k=0.5,a=0.5): s0 tot=13,569,664(o1=964 o3=4,728) | s2 tot=12,990,510(o1=918 o3=4,946) d=-579,154 | s4 tot=13,797,393(o1=983 o3=4,557) d=+227,729
  cfg(k=1.0,a=0.0): s0 tot=14,713,501(o1=1,045 o3=5,188) | s2 tot=13,489,769(o1=955 o3=4,971) d=-1,223,732 | s4 tot=12,516,017(o1=883 o3=4,911) d=-2,197,484
  => best steal delta = -2,197,484  [SIGNAL]

============================================================
SUMMARY (steal vs off, best config, raw single dispatch):
  prob_27: -93,418  [SIGNAL]
  prob_38: -912,757  [SIGNAL]
  prob_39: -2,197,484  [SIGNAL]
CHAIN_DONE
