
prob_32: w1=3333
  cfg(k=0.5,a=0.5): d0=4,440,929(o1=678) | d6=4,507,296(o1=592) delta=+66,367 | d10=4,799,211(o1=607) delta=+358,282
  cfg(k=1.0,a=0.0): d0=4,420,393(o1=551) | d6=4,642,279(o1=613) delta=+221,886 | d10=4,460,028(o1=631) delta=+39,635
  => best drain delta = +39,635  [flat]

prob_40: w1=667
  cfg(k=0.5,a=0.5): d0=2,181,822(o1=3,100) | d6=2,266,227(o1=3,216) delta=+84,405 | d10=2,196,044(o1=3,104) delta=+14,222
  cfg(k=1.0,a=0.0): d0=2,262,098(o1=3,204) | d6=2,164,200(o1=3,059) delta=-97,898 | d10=2,144,870(o1=3,032) delta=-117,228
  => best drain delta = -117,228  [SIGNAL]

prob_30: w1=13333
  cfg(k=0.5,a=0.5): d0=5,308,895(o1=367) | d6=5,079,422(o1=338) delta=-229,473 | d10=4,983,763(o1=343) delta=-325,132
  cfg(k=1.0,a=0.0): d0=4,980,753(o1=341) | d6=5,056,069(o1=341) delta=+75,316 | d10=5,013,950(o1=338) delta=+33,197
  => best drain delta = -325,132  [SIGNAL]

prob_28: w1=13333
  cfg(k=0.5,a=0.5): d0=3,804,373(o1=217) | d6=3,847,308(o1=219) delta=+42,935 | d10=3,927,479(o1=221) delta=+123,106
  cfg(k=1.0,a=0.0): d0=4,128,341(o1=245) | d6=3,903,833(o1=236) delta=-224,508 | d10=3,618,689(o1=200) delta=-509,652
  => best drain delta = -509,652  [SIGNAL]

============================================================
SUMMARY (drain vs off, best config, raw non-beam dispatch):
  prob_32: +39,635  [flat]
  prob_40: -117,228  [SIGNAL]
  prob_30: -325,132  [SIGNAL]
  prob_28: -509,652  [SIGNAL]
MIDDONE
