
prob_39: w1=13333
  k=0.5,a=0.5,base: 90,659,551 (o1=6,731)
  k=0.5,a=0.5,z12: 31,003,170 (o1=2,250)
  k=0.5,a=0.5,z24: 9,907,249 (o1=665)
  k=0.5,a=0.5,nk32: 11,628,553 (o1=791)
  k=0.5,a=0.5,nk32+z12: 10,735,345 (o1=719)
  k=0.5,a=0.5,nk32+z24: 9,872,219 (o1=663)
  k=0.5,a=0.5,cmp+z12: 10,482,384 (o1=714)
  k=0.5,a=0.5,cmp+z24: 10,815,374 (o1=738)
  k=1.0,a=0.0,base: 11,788,234 (o1=800)
  k=1.0,a=0.0,z12: 10,928,037 (o1=733)
  k=1.0,a=0.0,z24: 10,734,653 (o1=723)
  k=1.0,a=0.0,nk32: 12,260,231 (o1=851)
  k=1.0,a=0.0,nk32+z12: 11,018,703 (o1=743)
  k=1.0,a=0.0,nk32+z24: 11,072,035 (o1=747)
  k=1.0,a=0.0,cmp+z12: 10,339,778 (o1=706)
  k=1.0,a=0.0,cmp+z24: 11,161,210 (o1=762)
  => ABS BEST: k=0.5,a=0.5,nk32+z24 = 9,872,219 (o1=663)

prob_31: w1=13333
  k=0.5,a=0.5,base: 11,226,247 (o1=619)
  k=0.5,a=0.5,z12: 9,241,036 (o1=472)
  k=0.5,a=0.5,z24: 9,905,440 (o1=514)
  k=0.5,a=0.5,nk32: 10,301,276 (o1=551)
  k=0.5,a=0.5,nk32+z12: 9,794,966 (o1=512)
  k=0.5,a=0.5,nk32+z24: 9,676,012 (o1=505)
  k=0.5,a=0.5,cmp+z12: 9,516,180 (o1=501)
  k=0.5,a=0.5,cmp+z24: 9,091,978 (o1=475)
  k=1.0,a=0.0,base: 10,802,316 (o1=600)
  k=1.0,a=0.0,z12: 10,072,870 (o1=532)
  k=1.0,a=0.0,z24: 11,152,834 (o1=619)
  k=1.0,a=0.0,nk32: 11,380,559 (o1=635)
  k=1.0,a=0.0,nk32+z12: 10,630,270 (o1=580)
  k=1.0,a=0.0,nk32+z24: 10,552,546 (o1=571)
  k=1.0,a=0.0,cmp+z12: 10,129,444 (o1=541)
  k=1.0,a=0.0,cmp+z24: 10,425,564 (o1=564)
  => ABS BEST: k=0.5,a=0.5,cmp+z24 = 9,091,978 (o1=475)

prob_38: w1=13333
  k=0.5,a=0.5,base: 44,375,270 (o1=3,168)
  k=0.5,a=0.5,z12: 42,442,310 (o1=3,024)
  k=0.5,a=0.5,z24: 46,592,868 (o1=3,342)
  k=0.5,a=0.5,nk32: 46,100,840 (o1=3,296)
  k=0.5,a=0.5,nk32+z12: 44,130,990 (o1=3,158)
  k=0.5,a=0.5,nk32+z24: 45,038,013 (o1=3,209)
  k=0.5,a=0.5,cmp+z12: 43,723,431 (o1=3,137)
  k=0.5,a=0.5,cmp+z24: 43,097,070 (o1=3,074)
  k=1.0,a=0.0,base: 45,109,881 (o1=3,205)
  k=1.0,a=0.0,z12: 44,584,172 (o1=3,186)
  k=1.0,a=0.0,z24: 42,135,725 (o1=3,003)
  k=1.0,a=0.0,nk32: 41,063,457 (o1=2,921)
  k=1.0,a=0.0,nk32+z12: 43,185,119 (o1=3,087)
  k=1.0,a=0.0,nk32+z24: 203,815,480 (o1=15,158)
  k=1.0,a=0.0,cmp+z12: 41,057,861 (o1=2,947)
  k=1.0,a=0.0,cmp+z24: 41,487,182 (o1=2,960)
  => ABS BEST: k=1.0,a=0.0,cmp+z12 = 41,057,861 (o1=2,947)

============================================================
SUMMARY (absolute best config per instance):
  prob_39: k=0.5,a=0.5,nk32+z24 = 9,872,219
  prob_31: k=0.5,a=0.5,cmp+z24 = 9,091,978
  prob_38: k=1.0,a=0.0,cmp+z12 = 41,057,861
COMBO_DONE
