
prob_38: w1=13333
  cfg(k=0.5,a=0.5): z0=44,375,270(o1=3,168) | z12=42,442,310(o1=3,024) d=-1,932,960 | z24=46,592,868(o1=3,342) d=+2,217,598
  cfg(k=1.0,a=0.0): z0=45,109,881(o1=3,205) | z12=1,060,995,758(o1=79,512) d=+1,015,885,877 | z24=42,135,725(o1=3,003) d=-2,974,156
  => best zone delta = -2,974,156  [SIGNAL]

prob_27: w1=13333
  cfg(k=0.5,a=0.5): z0=27,269,765(o1=1,881) | z12=29,207,675(o1=2,031) d=+1,937,910 | z24=29,194,342(o1=2,030) d=+1,924,577
  cfg(k=1.0,a=0.0): z0=28,480,667(o1=1,987) | z12=27,991,899(o1=1,945) d=-488,768 | z24=27,991,899(o1=1,945) d=-488,768
  => best zone delta = -488,768  [SIGNAL]

prob_39: w1=13333
  cfg(k=0.5,a=0.5): z0=11,308,768(o1=766) | z12=10,493,923(o1=701) d=-814,845 | z24=9,907,249(o1=665) d=-1,401,519
  cfg(k=1.0,a=0.0): z0=11,788,234(o1=800) | z12=10,928,037(o1=733) d=-860,197 | z24=10,734,653(o1=723) d=-1,053,581
  => best zone delta = -1,401,519  [SIGNAL]

prob_31: w1=13333
  cfg(k=0.5,a=0.5): z0=11,226,247(o1=619) | z12=9,241,036(o1=472) d=-1,985,211 | z24=9,905,440(o1=514) d=-1,320,807
  cfg(k=1.0,a=0.0): z0=10,802,316(o1=600) | z12=10,072,870(o1=532) d=-729,446 | z24=11,152,834(o1=619) d=+350,518
  => best zone delta = -1,985,211  [SIGNAL]

============================================================
SUMMARY (zone vs off, best config, raw dispatch):
  prob_38: -2,974,156  [SIGNAL]
  prob_27: -488,768  [SIGNAL]
  prob_39: -1,401,519  [SIGNAL]
  prob_31: -1,985,211  [SIGNAL]
ZONE_DONE
